[1/72] F1_conduction2d_s0_p0 n=14400 done  elapsed=2s
[2/72] F1_conduction2d_s0_p1 n=14400 done  elapsed=10s
[3/72] F1_conduction2d_s0_p2 n=14400 done  elapsed=77s
[4/72] F1_conduction2d_s0_p3 n=14400 done  elapsed=146s
[5/72] F1_conduction2d_s1_p0 n=28900 done  elapsed=151s
[6/72] F1_conduction2d_s1_p1 n=28900 done  elapsed=185s
[7/72] F1_conduction2d_s1_p2 n=28900 done  elapsed=303s
[8/72] F1_conduction2d_s1_p3 n=28900 done  elapsed=421s
[9/72] F1_conduction2d_s2_p0 n=48400 done  elapsed=430s
[10/72] F1_conduction2d_s2_p1 n=48400 done  elapsed=496s
[11/72] F1_conduction2d_s2_p2 n=48400 done  elapsed=636s
[12/72] F1_conduction2d_s2_p3 n=48400 done  elapsed=776s
[13/72] F2_conduction3d_s0_p0 n=17576 done  elapsed=777s
[14/72] F2_conduction3d_s0_p1 n=17576 done  elapsed=783s
[15/72] F2_conduction3d_s0_p2 n=17576 done  elapsed=789s
[16/72] F2_conduction3d_s0_p3 n=17576 done  elapsed=795s
[17/72] F2_conduction3d_s1_p0 n=39304 done  elapsed=797s
[18/72] F2_conduction3d_s1_p1 n=39304 done  elapsed=809s
[19/72] F2_conduction3d_s1_p2 n=39304 done  elapsed=825s
[20/72] F2_conduction3d_s1_p3 n=39304 done  elapsed=873s
[21/72] F2_conduction3d_s2_p0 n=74088 done  elapsed=877s
[22/72] F2_conduction3d_s2_p1 n=74088 done  elapsed=902s
[23/72] F2_conduction3d_s2_p2 n=74088 done  elapsed=951s
[24/72] F2_conduction3d_s2_p3 n=74088 done  elapsed=1113s
[25/72] F3_anisotropic_s0_p0 n=14400 done  elapsed=1114s
[26/72] F3_anisotropic_s0_p1 n=14400 done  elapsed=1115s
[27/72] F3_anisotropic_s0_p2 n=14400 done  elapsed=1116s
[28/72] F3_anisotropic_s0_p3 n=14400 done  elapsed=1116s
[29/72] F3_anisotropic_s1_p0 n=28900 done  elapsed=1118s
[30/72] F3_anisotropic_s1_p1 n=28900 done  elapsed=1120s
[31/72] F3_anisotropic_s1_p2 n=28900 done  elapsed=1122s
[32/72] F3_anisotropic_s1_p3 n=28900 done  elapsed=1124s
[33/72] F3_anisotropic_s2_p0 n=48400 done  elapsed=1128s
[34/72] F3_anisotropic_s2_p1 n=48400 done  elapsed=1132s
[35/72] F3_anisotropic_s2_p2 n=48400 done  elapsed=1137s
[36/72] F3_anisotropic_s2_p3 n=48400 done  elapsed=1139s
[37/72] F4_inclusions_s0_p0 n=14400 done  elapsed=1143s
[38/72] F4_inclusions_s0_p1 n=14400 done  elapsed=1144s
[39/72] F4_inclusions_s0_p2 n=14400 done  elapsed=1146s
[40/72] F4_inclusions_s0_p3 n=14400 done  elapsed=1156s
[41/72] F4_inclusions_s1_p0 n=28900 done  elapsed=1164s
[42/72] F4_inclusions_s1_p1 n=28900 done  elapsed=1167s
[43/72] F4_inclusions_s1_p2 n=28900 done  elapsed=1174s
[44/72] F4_inclusions_s1_p3 n=28900 done  elapsed=1249s
[45/72] F4_inclusions_s2_p0 n=48400 done  elapsed=1261s
[46/72] F4_inclusions_s2_p1 n=48400 done  elapsed=1268s
[47/72] F4_inclusions_s2_p2 n=48400 done  elapsed=1282s
[48/72] F4_inclusions_s2_p3 n=48400 done  elapsed=1395s
[49/72] F5_graph_s0_p0 n=20000 done  elapsed=1398s
[50/72] F5_graph_s0_p1 n=20000 done  elapsed=1403s
[51/72] F5_graph_s0_p2 n=20000 done  elapsed=1407s
[52/72] F5_graph_s0_p3 n=20000 done  elapsed=1411s
[53/72] F5_graph_s1_p0 n=60000 done  elapsed=1422s
[54/72] F5_graph_s1_p1 n=60000 done  elapsed=1438s
[55/72] F5_graph_s1_p2 n=60000 done  elapsed=1457s
[56/72] F5_graph_s1_p3 n=60000 done  elapsed=1476s
[57/72] F5_graph_s2_p0 n=120000 done  elapsed=1499s
[58/72] F5_graph_s2_p1 n=120000 done  elapsed=1544s
[59/72] F5_graph_s2_p2 n=120000 done  elapsed=1596s
[60/72] F5_graph_s2_p3 n=120000 done  elapsed=1653s
[61/72] F6_shifted_s0_p0 n=14400 done  elapsed=1654s
[62/72] F6_shifted_s0_p1 n=14400 done  elapsed=1655s
[63/72] F6_shifted_s0_p2 n=14400 done  elapsed=1655s
[64/72] F6_shifted_s0_p3 n=14400 done  elapsed=1655s
[65/72] F6_shifted_s1_p0 n=28900 done  elapsed=1657s
[66/72] F6_shifted_s1_p1 n=28900 done  elapsed=1659s
[67/72] F6_shifted_s1_p2 n=28900 done  elapsed=1660s
[68/72] F6_shifted_s1_p3 n=28900 done  elapsed=1661s
[69/72] F6_shifted_s2_p0 n=48400 done  elapsed=1664s
[70/72] F6_shifted_s2_p1 n=48400 done  elapsed=1668s
[71/72] F6_shifted_s2_p2 n=48400 done  elapsed=1670s
[72/72] F6_shifted_s2_p3 n=48400 done  elapsed=1671s
SWEEP COMPLETE
